// Jest Snapshot v1, https://goo.gl/fbAQLP

exports[`Expect to render Button component 1`] = `
<button
  className="
        
        
        
        
         button"
/>
`;
