// Jest Snapshot v1, https://goo.gl/fbAQLP

exports[`Expect to render Profile Component 1`] = `
<ContextProvider
  value={null}
>
  <Profile
    currentUser={null}
    editUser={[Function]}
    store={
      Object {
        "dispatch": [Function],
        "getState": [Function],
        "replaceReducer": [Function],
        "subscribe": [Function],
        Symbol(observable): [Function],
      }
    }
  />
</ContextProvider>
`;
