// Jest Snapshot v1, https://goo.gl/fbAQLP

exports[`Expect to render Tutorial component 1`] = `
<div
  className="tutorial"
>
  <div
    className="tutorial__content"
  >
    <div
      className="tutorial__content--header"
    >
      <div>
        <h1>
          Tutorial
        </h1>
        <p>
          0% total conclu√≠do
        </p>
      </div>
      <div
        className="tutorial__content--header--progress"
      >
        0 atividades completas
      </div>
    </div>
    <div
      className="tutorial__content--body"
    >
      <Activities />
      <Connect(Markdown) />
    </div>
  </div>
</div>
`;
